<?xml version="1.0" encoding="utf-8"?><testsuite errors="0" failures="0" name="pytest" skips="0" tests="1" time="1.542"><testcase classname="mnt.extra-addons.main.tests.test_res_partner_create.TestResPartner" file="mnt/extra-addons/main/tests/test_res_partner_create.py" line="14" name="test_create" time="1.5056300163269043"><system-err>2018-01-11 17:32:38,046 10 #x1B[1;34m#x1B[1;49mDEBUG#x1B[0m odoo passlib.registry: registered &apos;md5_crypt&apos; handler: &lt;class &apos;passlib.handlers.md5_crypt.md5_crypt&apos;&gt;
2018-01-11 17:32:38,810 10 #x1B[1;34m#x1B[1;49mDEBUG#x1B[0m odoo PIL.PngImagePlugin: STREAM b&apos;IHDR&apos; 16 13
2018-01-11 17:32:38,810 10 #x1B[1;34m#x1B[1;49mDEBUG#x1B[0m odoo PIL.PngImagePlugin: STREAM b&apos;iCCP&apos; 41 1004
2018-01-11 17:32:38,810 10 #x1B[1;34m#x1B[1;49mDEBUG#x1B[0m odoo PIL.PngImagePlugin: iCCP profile name b&apos;icc&apos;
2018-01-11 17:32:38,811 10 #x1B[1;34m#x1B[1;49mDEBUG#x1B[0m odoo PIL.PngImagePlugin: Compression method 0
2018-01-11 17:32:38,811 10 #x1B[1;34m#x1B[1;49mDEBUG#x1B[0m odoo PIL.PngImagePlugin: STREAM b&apos;bKGD&apos; 1057 6
2018-01-11 17:32:38,811 10 #x1B[1;34m#x1B[1;49mDEBUG#x1B[0m odoo PIL.PngImagePlugin: b&apos;bKGD&apos; 1057 6 (unknown)
2018-01-11 17:32:38,811 10 #x1B[1;34m#x1B[1;49mDEBUG#x1B[0m odoo PIL.PngImagePlugin: STREAM b&apos;pHYs&apos; 1075 9
2018-01-11 17:32:38,812 10 #x1B[1;34m#x1B[1;49mDEBUG#x1B[0m odoo PIL.PngImagePlugin: STREAM b&apos;vpAg&apos; 1096 9
2018-01-11 17:32:38,812 10 #x1B[1;34m#x1B[1;49mDEBUG#x1B[0m odoo PIL.PngImagePlugin: b&apos;vpAg&apos; 1096 9 (unknown)
2018-01-11 17:32:38,812 10 #x1B[1;34m#x1B[1;49mDEBUG#x1B[0m odoo PIL.PngImagePlugin: STREAM b&apos;IDAT&apos; 1117 21141
2018-01-11 17:32:38,819 10 #x1B[1;34m#x1B[1;49mDEBUG#x1B[0m odoo PIL.PngImagePlugin: STREAM b&apos;IHDR&apos; 16 13
2018-01-11 17:32:38,819 10 #x1B[1;34m#x1B[1;49mDEBUG#x1B[0m odoo PIL.PngImagePlugin: STREAM b&apos;IDAT&apos; 41 16155
2018-01-11 17:32:38,819 10 #x1B[1;34m#x1B[1;49mDEBUG#x1B[0m odoo PIL.PngImagePlugin: STREAM b&apos;IHDR&apos; 16 13
2018-01-11 17:32:38,819 10 #x1B[1;34m#x1B[1;49mDEBUG#x1B[0m odoo PIL.PngImagePlugin: STREAM b&apos;IDAT&apos; 41 16155
2018-01-11 17:32:38,820 10 #x1B[1;34m#x1B[1;49mDEBUG#x1B[0m odoo PIL.PngImagePlugin: STREAM b&apos;IHDR&apos; 16 13
2018-01-11 17:32:38,820 10 #x1B[1;34m#x1B[1;49mDEBUG#x1B[0m odoo PIL.PngImagePlugin: STREAM b&apos;IDAT&apos; 41 16155
2018-01-11 17:32:38,827 10 #x1B[1;34m#x1B[1;49mDEBUG#x1B[0m odoo PIL.PngImagePlugin: STREAM b&apos;IHDR&apos; 16 13
2018-01-11 17:32:38,828 10 #x1B[1;34m#x1B[1;49mDEBUG#x1B[0m odoo PIL.PngImagePlugin: STREAM b&apos;IDAT&apos; 41 16155
</system-err></testcase></testsuite>